// Jest Snapshot v1, https://goo.gl/fbAQLP

exports[`<AddToCart /> should render and match the snap shot 1`] = `
<button
  disabled={false}
  onClick={[Function]}
>
  Add
   to Cart
   
  <AddToCart__Icon
    aria-label="Cart Emoji"
    aria-labelledby="Shopping Cart"
    role="img"
  >
    <span
      aria-label="Cart Emoji"
      aria-labelledby="Shopping Cart"
      className="AddToCart__Icon-y2jgvr-0 eZjlUJ"
      role="img"
    >
      🛒
    </span>
  </AddToCart__Icon>
</button>
`;
